2026-02-22 18:55:42,594 - NorthboundScript - INFO - Initialized NorthboundScript with RYU at localhost:8080 and ComnetsEMU at localhost:6653
2026-02-22 18:55:42,595 - NorthboundScript - INFO - Parsed sequence seq_test_001 with 1 actions
2026-02-22 18:55:42,599 - NorthboundScript - INFO - Initialized NorthboundScript with RYU at localhost:8080 and ComnetsEMU at localhost:6653
2026-02-22 18:55:42,600 - NorthboundScript - INFO - Parsed sequence seq_invalid with 1 actions
2026-02-22 18:55:42,604 - NorthboundScript - INFO - Initialized NorthboundScript with RYU at localhost:8080 and ComnetsEMU at localhost:6653
2026-02-22 18:55:42,605 - NorthboundScript - INFO - Parsed sequence seq_dryrun with 1 actions
2026-02-22 18:55:42,605 - NorthboundScript - WARNING - Validation warnings: ['Estimated duration significantly differs from sum of action times']
2026-02-22 18:55:42,606 - NorthboundScript - INFO - Dry run mode - skipping execution
2026-02-22 18:56:12,279 - NorthboundScript - INFO - Initialized NorthboundScript with RYU at localhost:8080 and ComnetsEMU at localhost:6653
2026-02-22 18:56:12,280 - NorthboundScript - INFO - Parsed sequence seq_test_001 with 1 actions
2026-02-22 18:56:12,283 - NorthboundScript - INFO - Initialized NorthboundScript with RYU at localhost:8080 and ComnetsEMU at localhost:6653
2026-02-22 18:56:12,283 - NorthboundScript - INFO - Parsed sequence seq_invalid with 1 actions
2026-02-22 18:56:12,288 - NorthboundScript - INFO - Initialized NorthboundScript with RYU at localhost:8080 and ComnetsEMU at localhost:6653
2026-02-22 18:56:12,288 - NorthboundScript - INFO - Parsed sequence seq_dryrun with 1 actions
2026-02-22 18:56:12,288 - NorthboundScript - WARNING - Validation warnings: ['Estimated duration significantly differs from sum of action times']
2026-02-22 18:56:12,289 - NorthboundScript - INFO - Dry run mode - skipping execution
2026-02-22 18:56:43,266 - NorthboundScript - INFO - Initialized NorthboundScript with RYU at localhost:8080 and ComnetsEMU at localhost:6653
2026-02-22 18:56:43,267 - NorthboundScript - INFO - Parsed sequence seq_test_001 with 1 actions
2026-02-22 18:56:43,271 - NorthboundScript - INFO - Initialized NorthboundScript with RYU at localhost:8080 and ComnetsEMU at localhost:6653
2026-02-22 18:56:43,271 - NorthboundScript - INFO - Parsed sequence seq_invalid with 1 actions
2026-02-22 18:56:43,274 - NorthboundScript - INFO - Initialized NorthboundScript with RYU at localhost:8080 and ComnetsEMU at localhost:6653
2026-02-22 18:56:43,274 - NorthboundScript - INFO - Parsed sequence seq_dryrun with 1 actions
2026-02-22 18:56:43,275 - NorthboundScript - WARNING - Validation warnings: ['Estimated duration significantly differs from sum of action times']
2026-02-22 18:56:43,275 - NorthboundScript - INFO - Dry run mode - skipping execution
2026-02-22 18:56:43,299 - PersistentActionQueue - INFO - Loaded 2 actions from persistent storage
2026-02-22 18:56:43,300 - AdvancedRetrySystem - INFO - Advanced retry system initialized
2026-02-22 18:56:43,300 - ComnetsEMUConnector - INFO - Initializing connection to ComnetsEMU at localhost:6653
2026-02-22 18:56:45,330 - ComnetsEMUConnector - WARNING - OpenFlow port 6653 is not accessible
2026-02-22 18:56:45,331 - ComnetsEMUConnector - ERROR - Failed to connect to ComnetsEMU
2026-02-22 18:56:45,332 - RYUNetworkInterface - INFO - Initialized RYU interface to localhost:8080
2026-02-22 18:56:45,332 - RYUNetworkInterface - INFO - Initialized ComnetsEMU interface to localhost:6653
2026-02-22 18:56:45,332 - NorthboundScript - INFO - Initialized NorthboundScript with RYU at localhost:8080 and ComnetsEMU at localhost:6653
2026-02-22 18:56:45,335 - NorthboundScript - INFO - Closing NorthboundScript
2026-02-22 18:56:45,335 - RYUNetworkInterface - INFO - Closing RYU and ComnetsEMU network interfaces
2026-02-22 18:56:45,336 - ComnetsEMUConnector - INFO - Closing ComnetsEMU connector
2026-02-22 18:56:45,337 - PersistentActionQueue - INFO - Cleaned up 0 old queue entries
2026-02-22 18:56:45,337 - AdvancedRetrySystem - INFO - Advanced retry system cleanup completed
2026-02-22 18:56:45,340 - NorthboundScript - INFO - Initialized NorthboundScript with RYU at localhost:8080 and ComnetsEMU at localhost:6653
2026-02-22 18:57:15,006 - NorthboundScript - INFO - Initialized NorthboundScript with RYU at localhost:8080 and ComnetsEMU at localhost:6653
2026-02-22 18:57:15,007 - NorthboundScript - INFO - Parsed sequence seq_test_001 with 1 actions
2026-02-22 18:57:15,010 - NorthboundScript - INFO - Initialized NorthboundScript with RYU at localhost:8080 and ComnetsEMU at localhost:6653
2026-02-22 18:57:15,011 - NorthboundScript - INFO - Parsed sequence seq_invalid with 1 actions
2026-02-22 18:57:15,014 - NorthboundScript - INFO - Initialized NorthboundScript with RYU at localhost:8080 and ComnetsEMU at localhost:6653
2026-02-22 18:57:15,014 - NorthboundScript - INFO - Parsed sequence seq_dryrun with 1 actions
2026-02-22 18:57:15,015 - NorthboundScript - WARNING - Validation warnings: ['Estimated duration significantly differs from sum of action times']
2026-02-22 18:57:15,015 - NorthboundScript - INFO - Dry run mode - skipping execution
2026-02-22 18:57:15,029 - PersistentActionQueue - INFO - Loaded 2 actions from persistent storage
2026-02-22 18:57:15,030 - AdvancedRetrySystem - INFO - Advanced retry system initialized
2026-02-22 18:57:15,030 - ComnetsEMUConnector - INFO - Initializing connection to ComnetsEMU at localhost:6653
2026-02-22 18:57:17,085 - ComnetsEMUConnector - WARNING - OpenFlow port 6653 is not accessible
2026-02-22 18:57:17,086 - ComnetsEMUConnector - ERROR - Failed to connect to ComnetsEMU
2026-02-22 18:57:17,087 - RYUNetworkInterface - INFO - Initialized RYU interface to localhost:8080
2026-02-22 18:57:17,087 - RYUNetworkInterface - INFO - Initialized ComnetsEMU interface to localhost:6653
2026-02-22 18:57:17,088 - NorthboundScript - INFO - Initialized NorthboundScript with RYU at localhost:8080 and ComnetsEMU at localhost:6653
2026-02-22 18:57:17,091 - NorthboundScript - INFO - Closing NorthboundScript
2026-02-22 18:57:17,092 - RYUNetworkInterface - INFO - Closing RYU and ComnetsEMU network interfaces
2026-02-22 18:57:17,093 - ComnetsEMUConnector - INFO - Closing ComnetsEMU connector
2026-02-22 18:57:17,094 - PersistentActionQueue - INFO - Cleaned up 0 old queue entries
2026-02-22 18:57:17,095 - AdvancedRetrySystem - INFO - Advanced retry system cleanup completed
2026-02-22 18:57:17,098 - NorthboundScript - INFO - Initialized NorthboundScript with RYU at localhost:8080 and ComnetsEMU at localhost:6653
2026-02-22 19:12:06,271 - NorthboundScript - INFO - Initialized NorthboundScript with RYU at localhost:8080 and ComnetsEMU at localhost:6653
2026-02-22 19:12:06,273 - NorthboundScript - INFO - Parsed sequence seq_test_001 with 1 actions
2026-02-22 19:12:06,277 - NorthboundScript - INFO - Initialized NorthboundScript with RYU at localhost:8080 and ComnetsEMU at localhost:6653
2026-02-22 19:12:06,278 - NorthboundScript - INFO - Parsed sequence seq_invalid with 1 actions
2026-02-22 19:12:06,281 - NorthboundScript - INFO - Initialized NorthboundScript with RYU at localhost:8080 and ComnetsEMU at localhost:6653
2026-02-22 19:12:06,282 - NorthboundScript - INFO - Parsed sequence seq_dryrun with 1 actions
2026-02-22 19:12:06,282 - NorthboundScript - WARNING - Validation warnings: ['Estimated duration significantly differs from sum of action times']
2026-02-22 19:12:06,283 - NorthboundScript - INFO - Dry run mode - skipping execution
2026-02-22 19:12:06,299 - PersistentActionQueue - INFO - Loaded 2 actions from persistent storage
2026-02-22 19:12:06,300 - AdvancedRetrySystem - INFO - Advanced retry system initialized
2026-02-22 19:12:06,300 - ComnetsEMUConnector - INFO - Initializing connection to ComnetsEMU at localhost:6653
2026-02-22 19:12:08,327 - ComnetsEMUConnector - WARNING - OpenFlow port 6653 is not accessible
2026-02-22 19:12:08,328 - ComnetsEMUConnector - ERROR - Failed to connect to ComnetsEMU
2026-02-22 19:12:08,329 - RYUNetworkInterface - INFO - Initialized RYU interface to localhost:8080
2026-02-22 19:12:08,329 - RYUNetworkInterface - INFO - Initialized ComnetsEMU interface to localhost:6653
2026-02-22 19:12:08,330 - NorthboundScript - INFO - Initialized NorthboundScript with RYU at localhost:8080 and ComnetsEMU at localhost:6653
2026-02-22 19:12:08,332 - NorthboundScript - INFO - Closing NorthboundScript
2026-02-22 19:12:08,332 - RYUNetworkInterface - INFO - Closing RYU and ComnetsEMU network interfaces
2026-02-22 19:12:08,332 - ComnetsEMUConnector - INFO - Closing ComnetsEMU connector
2026-02-22 19:12:08,334 - PersistentActionQueue - INFO - Cleaned up 0 old queue entries
2026-02-22 19:12:08,334 - AdvancedRetrySystem - INFO - Advanced retry system cleanup completed
2026-02-22 19:12:08,337 - NorthboundScript - INFO - Initialized NorthboundScript with RYU at localhost:8080 and ComnetsEMU at localhost:6653
2026-02-22 19:14:25,629 - NorthboundScript - INFO - Initialized NorthboundScript with RYU at localhost:8080 and ComnetsEMU at localhost:6653
2026-02-22 19:14:25,630 - NorthboundScript - INFO - Parsed sequence seq_test_001 with 1 actions
2026-02-22 19:14:25,633 - NorthboundScript - INFO - Initialized NorthboundScript with RYU at localhost:8080 and ComnetsEMU at localhost:6653
2026-02-22 19:14:25,633 - NorthboundScript - INFO - Parsed sequence seq_invalid with 1 actions
2026-02-22 19:14:25,636 - NorthboundScript - INFO - Initialized NorthboundScript with RYU at localhost:8080 and ComnetsEMU at localhost:6653
2026-02-22 19:14:25,636 - NorthboundScript - INFO - Parsed sequence seq_dryrun with 1 actions
2026-02-22 19:14:25,637 - NorthboundScript - WARNING - Validation warnings: ['Estimated duration significantly differs from sum of action times']
2026-02-22 19:14:25,637 - NorthboundScript - INFO - Dry run mode - skipping execution
2026-02-22 19:14:25,653 - PersistentActionQueue - INFO - Loaded 2 actions from persistent storage
2026-02-22 19:14:25,653 - AdvancedRetrySystem - INFO - Advanced retry system initialized
2026-02-22 19:14:25,653 - ComnetsEMUConnector - INFO - Initializing connection to ComnetsEMU at localhost:6653
2026-02-22 19:14:27,677 - ComnetsEMUConnector - WARNING - OpenFlow port 6653 is not accessible
2026-02-22 19:14:27,678 - ComnetsEMUConnector - ERROR - Failed to connect to ComnetsEMU
2026-02-22 19:14:27,678 - RYUNetworkInterface - INFO - Initialized RYU interface to localhost:8080
2026-02-22 19:14:27,679 - RYUNetworkInterface - INFO - Initialized ComnetsEMU interface to localhost:6653
2026-02-22 19:14:27,680 - NorthboundScript - INFO - Initialized NorthboundScript with RYU at localhost:8080 and ComnetsEMU at localhost:6653
2026-02-22 19:14:27,683 - NorthboundScript - INFO - Closing NorthboundScript
2026-02-22 19:14:27,683 - RYUNetworkInterface - INFO - Closing RYU and ComnetsEMU network interfaces
2026-02-22 19:14:27,684 - ComnetsEMUConnector - INFO - Closing ComnetsEMU connector
2026-02-22 19:14:27,685 - PersistentActionQueue - INFO - Cleaned up 0 old queue entries
2026-02-22 19:14:27,685 - AdvancedRetrySystem - INFO - Advanced retry system cleanup completed
2026-02-22 19:14:27,688 - NorthboundScript - INFO - Initialized NorthboundScript with RYU at localhost:8080 and ComnetsEMU at localhost:6653
2026-02-22 19:15:49,766 - NorthboundScript - INFO - Initialized NorthboundScript with RYU at localhost:8080 and ComnetsEMU at localhost:6653
2026-02-22 19:15:49,769 - NorthboundScript - INFO - Initialized NorthboundScript with RYU at localhost:8080 and ComnetsEMU at localhost:6653
2026-02-22 19:15:49,770 - NorthboundScript - INFO - Parsed sequence test_001 with 1 actions
2026-02-22 19:15:49,771 - NorthboundScript - INFO - Parsed sequence test_001 with 1 actions
2026-02-22 19:15:49,771 - NorthboundScript - WARNING - Validation warnings: ['Estimated duration significantly differs from sum of action times']
2026-02-22 19:15:49,772 - NorthboundScript - INFO - Dry run mode - skipping execution
2026-02-22 19:16:06,945 - NorthboundScript - INFO - Initialized NorthboundScript with RYU at localhost:8080 and ComnetsEMU at localhost:6653
2026-02-22 19:16:06,947 - NorthboundScript - INFO - Parsed sequence seq_test_001 with 1 actions
2026-02-22 19:16:06,950 - NorthboundScript - INFO - Initialized NorthboundScript with RYU at localhost:8080 and ComnetsEMU at localhost:6653
2026-02-22 19:16:06,951 - NorthboundScript - INFO - Parsed sequence seq_invalid with 1 actions
2026-02-22 19:16:06,954 - NorthboundScript - INFO - Initialized NorthboundScript with RYU at localhost:8080 and ComnetsEMU at localhost:6653
2026-02-22 19:16:06,954 - NorthboundScript - INFO - Parsed sequence seq_dryrun with 1 actions
2026-02-22 19:16:06,954 - NorthboundScript - WARNING - Validation warnings: ['Estimated duration significantly differs from sum of action times']
2026-02-22 19:16:06,955 - NorthboundScript - INFO - Dry run mode - skipping execution
2026-02-22 19:16:06,973 - PersistentActionQueue - INFO - Loaded 2 actions from persistent storage
2026-02-22 19:16:06,974 - AdvancedRetrySystem - INFO - Advanced retry system initialized
2026-02-22 19:16:06,974 - ComnetsEMUConnector - INFO - Initializing connection to ComnetsEMU at localhost:6653
2026-02-22 19:16:09,007 - ComnetsEMUConnector - WARNING - OpenFlow port 6653 is not accessible
2026-02-22 19:16:09,019 - ComnetsEMUConnector - ERROR - Failed to connect to ComnetsEMU
2026-02-22 19:16:09,020 - RYUNetworkInterface - INFO - Initialized RYU interface to localhost:8080
2026-02-22 19:16:09,020 - RYUNetworkInterface - INFO - Initialized ComnetsEMU interface to localhost:6653
2026-02-22 19:16:09,021 - NorthboundScript - INFO - Initialized NorthboundScript with RYU at localhost:8080 and ComnetsEMU at localhost:6653
2026-02-22 19:16:09,025 - NorthboundScript - INFO - Closing NorthboundScript
2026-02-22 19:16:09,025 - RYUNetworkInterface - INFO - Closing RYU and ComnetsEMU network interfaces
2026-02-22 19:16:09,026 - ComnetsEMUConnector - INFO - Closing ComnetsEMU connector
2026-02-22 19:16:09,028 - PersistentActionQueue - INFO - Cleaned up 0 old queue entries
2026-02-22 19:16:09,029 - AdvancedRetrySystem - INFO - Advanced retry system cleanup completed
2026-02-22 19:16:09,032 - NorthboundScript - INFO - Initialized NorthboundScript with RYU at localhost:8080 and ComnetsEMU at localhost:6653
2026-02-22 20:43:27,068 - NorthboundScript - INFO - Initialized NorthboundScript with RYU at localhost:8080 and ComnetsEMU at localhost:6653
2026-02-22 20:43:27,069 - NorthboundScript - INFO - Parsed sequence seq_test_001 with 1 actions
2026-02-22 20:43:27,073 - NorthboundScript - INFO - Initialized NorthboundScript with RYU at localhost:8080 and ComnetsEMU at localhost:6653
2026-02-22 20:43:27,073 - NorthboundScript - INFO - Parsed sequence seq_invalid with 1 actions
2026-02-22 20:43:27,077 - NorthboundScript - INFO - Initialized NorthboundScript with RYU at localhost:8080 and ComnetsEMU at localhost:6653
2026-02-22 20:43:27,077 - NorthboundScript - INFO - Parsed sequence seq_dryrun with 1 actions
2026-02-22 20:43:27,078 - NorthboundScript - WARNING - Validation warnings: ['Estimated duration significantly differs from sum of action times']
2026-02-22 20:43:27,079 - NorthboundScript - INFO - Dry run mode - skipping execution
2026-02-22 20:43:27,099 - PersistentActionQueue - INFO - Loaded 2 actions from persistent storage
2026-02-22 20:43:27,100 - AdvancedRetrySystem - INFO - Advanced retry system initialized
2026-02-22 20:43:27,100 - ComnetsEMUConnector - INFO - Initializing connection to ComnetsEMU at localhost:6653
2026-02-22 20:43:29,153 - ComnetsEMUConnector - WARNING - OpenFlow port 6653 is not accessible
2026-02-22 20:43:29,154 - ComnetsEMUConnector - ERROR - Failed to connect to ComnetsEMU
2026-02-22 20:43:29,154 - RYUNetworkInterface - INFO - Initialized RYU interface to localhost:8080
2026-02-22 20:43:29,154 - RYUNetworkInterface - INFO - Initialized ComnetsEMU interface to localhost:6653
2026-02-22 20:43:29,155 - NorthboundScript - INFO - Initialized NorthboundScript with RYU at localhost:8080 and ComnetsEMU at localhost:6653
2026-02-22 20:43:29,157 - NorthboundScript - INFO - Closing NorthboundScript
2026-02-22 20:43:29,157 - RYUNetworkInterface - INFO - Closing RYU and ComnetsEMU network interfaces
2026-02-22 20:43:29,159 - ComnetsEMUConnector - INFO - Closing ComnetsEMU connector
2026-02-22 20:43:29,161 - PersistentActionQueue - INFO - Cleaned up 0 old queue entries
2026-02-22 20:43:29,162 - AdvancedRetrySystem - INFO - Advanced retry system cleanup completed
2026-02-22 20:43:29,165 - NorthboundScript - INFO - Initialized NorthboundScript with RYU at localhost:8080 and ComnetsEMU at localhost:6653
2026-02-22 20:44:47,503 - NorthboundScript - INFO - Initialized NorthboundScript with RYU at localhost:8080 and ComnetsEMU at localhost:6653
2026-02-22 20:44:47,507 - NorthboundScript - INFO - Initialized NorthboundScript with RYU at localhost:8080 and ComnetsEMU at localhost:6653
2026-02-22 20:44:47,508 - NorthboundScript - INFO - Parsed sequence test_001 with 1 actions
2026-02-22 20:44:47,509 - NorthboundScript - INFO - Parsed sequence test_001 with 1 actions
2026-02-22 20:44:47,509 - NorthboundScript - WARNING - Validation warnings: ['Estimated duration significantly differs from sum of action times']
2026-02-22 20:44:47,509 - NorthboundScript - INFO - Dry run mode - skipping execution
2026-02-22 20:46:28,476 - NorthboundScript - INFO - Initialized NorthboundScript with RYU at localhost:8080 and ComnetsEMU at localhost:6653
2026-02-22 20:46:28,477 - NorthboundScript - INFO - Parsed sequence seq_test_001 with 1 actions
2026-02-22 20:46:28,481 - NorthboundScript - INFO - Initialized NorthboundScript with RYU at localhost:8080 and ComnetsEMU at localhost:6653
2026-02-22 20:46:28,482 - NorthboundScript - INFO - Parsed sequence seq_invalid with 1 actions
2026-02-22 20:46:28,485 - NorthboundScript - INFO - Initialized NorthboundScript with RYU at localhost:8080 and ComnetsEMU at localhost:6653
2026-02-22 20:46:28,485 - NorthboundScript - INFO - Parsed sequence seq_dryrun with 1 actions
2026-02-22 20:46:28,486 - NorthboundScript - WARNING - Validation warnings: ['Estimated duration significantly differs from sum of action times']
2026-02-22 20:46:28,486 - NorthboundScript - INFO - Dry run mode - skipping execution
2026-02-22 20:46:28,521 - PersistentActionQueue - INFO - Loaded 2 actions from persistent storage
2026-02-22 20:46:28,522 - AdvancedRetrySystem - INFO - Advanced retry system initialized
2026-02-22 20:46:28,522 - ComnetsEMUConnector - INFO - Initializing connection to ComnetsEMU at localhost:6653
2026-02-22 20:46:30,556 - ComnetsEMUConnector - WARNING - OpenFlow port 6653 is not accessible
2026-02-22 20:46:30,557 - ComnetsEMUConnector - ERROR - Failed to connect to ComnetsEMU
2026-02-22 20:46:30,557 - RYUNetworkInterface - INFO - Initialized RYU interface to localhost:8080
2026-02-22 20:46:30,557 - RYUNetworkInterface - INFO - Initialized ComnetsEMU interface to localhost:6653
2026-02-22 20:46:30,558 - NorthboundScript - INFO - Initialized NorthboundScript with RYU at localhost:8080 and ComnetsEMU at localhost:6653
2026-02-22 20:46:30,560 - NorthboundScript - INFO - Closing NorthboundScript
2026-02-22 20:46:30,560 - RYUNetworkInterface - INFO - Closing RYU and ComnetsEMU network interfaces
2026-02-22 20:46:30,561 - ComnetsEMUConnector - INFO - Closing ComnetsEMU connector
2026-02-22 20:46:30,562 - PersistentActionQueue - INFO - Cleaned up 0 old queue entries
2026-02-22 20:46:30,562 - AdvancedRetrySystem - INFO - Advanced retry system cleanup completed
2026-02-22 20:46:30,565 - NorthboundScript - INFO - Initialized NorthboundScript with RYU at localhost:8080 and ComnetsEMU at localhost:6653
2026-02-22 20:51:06,251 - NorthboundScript - INFO - Initialized NorthboundScript with RYU at localhost:8080 and ComnetsEMU at localhost:6653
2026-02-22 20:51:06,252 - NorthboundScript - INFO - Parsed sequence seq_test_001 with 1 actions
2026-02-22 20:51:06,256 - NorthboundScript - INFO - Initialized NorthboundScript with RYU at localhost:8080 and ComnetsEMU at localhost:6653
2026-02-22 20:51:06,257 - NorthboundScript - INFO - Parsed sequence seq_invalid with 1 actions
2026-02-22 20:51:06,259 - NorthboundScript - INFO - Initialized NorthboundScript with RYU at localhost:8080 and ComnetsEMU at localhost:6653
2026-02-22 20:51:06,260 - NorthboundScript - INFO - Parsed sequence seq_dryrun with 1 actions
2026-02-22 20:51:06,261 - NorthboundScript - WARNING - Validation warnings: ['Estimated duration significantly differs from sum of action times']
2026-02-22 20:51:06,261 - NorthboundScript - INFO - Dry run mode - skipping execution
2026-02-22 20:51:06,277 - PersistentActionQueue - INFO - Loaded 2 actions from persistent storage
2026-02-22 20:51:06,277 - AdvancedRetrySystem - INFO - Advanced retry system initialized
2026-02-22 20:51:06,278 - ComnetsEMUConnector - INFO - Initializing connection to ComnetsEMU at localhost:6653
2026-02-22 20:51:08,318 - ComnetsEMUConnector - WARNING - OpenFlow port 6653 is not accessible
2026-02-22 20:51:08,319 - ComnetsEMUConnector - ERROR - Failed to connect to ComnetsEMU
2026-02-22 20:51:08,319 - RYUNetworkInterface - INFO - Initialized RYU interface to localhost:8080
2026-02-22 20:51:08,319 - RYUNetworkInterface - INFO - Initialized ComnetsEMU interface to localhost:6653
2026-02-22 20:51:08,319 - NorthboundScript - INFO - Initialized NorthboundScript with RYU at localhost:8080 and ComnetsEMU at localhost:6653
2026-02-22 20:51:08,322 - NorthboundScript - INFO - Closing NorthboundScript
2026-02-22 20:51:08,322 - RYUNetworkInterface - INFO - Closing RYU and ComnetsEMU network interfaces
2026-02-22 20:51:08,322 - ComnetsEMUConnector - INFO - Closing ComnetsEMU connector
2026-02-22 20:51:08,324 - PersistentActionQueue - INFO - Cleaned up 0 old queue entries
2026-02-22 20:51:08,324 - AdvancedRetrySystem - INFO - Advanced retry system cleanup completed
2026-02-22 20:51:08,327 - NorthboundScript - INFO - Initialized NorthboundScript with RYU at localhost:8080 and ComnetsEMU at localhost:6653
